Archive member included to satisfy reference by file (symbol)

/opt/microchip/avr8-gnu-toolchain-linux_x86_64/bin/../lib/gcc/avr/5.4.0/../../../../avr/lib/avr6/libm.a(divsf3.o)
                              build/default/production/main.o (__divsf3)
/opt/microchip/avr8-gnu-toolchain-linux_x86_64/bin/../lib/gcc/avr/5.4.0/../../../../avr/lib/avr6/libm.a(divsf3x.o)
                              /opt/microchip/avr8-gnu-toolchain-linux_x86_64/bin/../lib/gcc/avr/5.4.0/../../../../avr/lib/avr6/libm.a(divsf3.o) (__divsf3x)
/opt/microchip/avr8-gnu-toolchain-linux_x86_64/bin/../lib/gcc/avr/5.4.0/../../../../avr/lib/avr6/libm.a(fixunssfsi.o)
                              build/default/production/main.o (__fixunssfsi)
/opt/microchip/avr8-gnu-toolchain-linux_x86_64/bin/../lib/gcc/avr/5.4.0/../../../../avr/lib/avr6/libm.a(floatsisf.o)
                              build/default/production/main.o (__floatunsisf)
/opt/microchip/avr8-gnu-toolchain-linux_x86_64/bin/../lib/gcc/avr/5.4.0/../../../../avr/lib/avr6/libm.a(fp_inf.o)
                              /opt/microchip/avr8-gnu-toolchain-linux_x86_64/bin/../lib/gcc/avr/5.4.0/../../../../avr/lib/avr6/libm.a(divsf3x.o) (__fp_inf)
/opt/microchip/avr8-gnu-toolchain-linux_x86_64/bin/../lib/gcc/avr/5.4.0/../../../../avr/lib/avr6/libm.a(fp_nan.o)
                              /opt/microchip/avr8-gnu-toolchain-linux_x86_64/bin/../lib/gcc/avr/5.4.0/../../../../avr/lib/avr6/libm.a(divsf3x.o) (__fp_nan)
/opt/microchip/avr8-gnu-toolchain-linux_x86_64/bin/../lib/gcc/avr/5.4.0/../../../../avr/lib/avr6/libm.a(fp_pscA.o)
                              /opt/microchip/avr8-gnu-toolchain-linux_x86_64/bin/../lib/gcc/avr/5.4.0/../../../../avr/lib/avr6/libm.a(divsf3x.o) (__fp_pscA)
/opt/microchip/avr8-gnu-toolchain-linux_x86_64/bin/../lib/gcc/avr/5.4.0/../../../../avr/lib/avr6/libm.a(fp_pscB.o)
                              /opt/microchip/avr8-gnu-toolchain-linux_x86_64/bin/../lib/gcc/avr/5.4.0/../../../../avr/lib/avr6/libm.a(divsf3x.o) (__fp_pscB)
/opt/microchip/avr8-gnu-toolchain-linux_x86_64/bin/../lib/gcc/avr/5.4.0/../../../../avr/lib/avr6/libm.a(fp_round.o)
                              /opt/microchip/avr8-gnu-toolchain-linux_x86_64/bin/../lib/gcc/avr/5.4.0/../../../../avr/lib/avr6/libm.a(divsf3.o) (__fp_round)
/opt/microchip/avr8-gnu-toolchain-linux_x86_64/bin/../lib/gcc/avr/5.4.0/../../../../avr/lib/avr6/libm.a(fp_split3.o)
                              /opt/microchip/avr8-gnu-toolchain-linux_x86_64/bin/../lib/gcc/avr/5.4.0/../../../../avr/lib/avr6/libm.a(divsf3x.o) (__fp_split3)
/opt/microchip/avr8-gnu-toolchain-linux_x86_64/bin/../lib/gcc/avr/5.4.0/../../../../avr/lib/avr6/libm.a(fp_zero.o)
                              /opt/microchip/avr8-gnu-toolchain-linux_x86_64/bin/../lib/gcc/avr/5.4.0/../../../../avr/lib/avr6/libm.a(fixunssfsi.o) (__fp_zero)
/opt/microchip/avr8-gnu-toolchain-linux_x86_64/bin/../lib/gcc/avr/5.4.0/../../../../avr/lib/avr6/libm.a(log.o)
                              build/default/production/main.o (log)
/opt/microchip/avr8-gnu-toolchain-linux_x86_64/bin/../lib/gcc/avr/5.4.0/../../../../avr/lib/avr6/libm.a(mulsf3.o)
                              build/default/production/main.o (__mulsf3)
/opt/microchip/avr8-gnu-toolchain-linux_x86_64/bin/../lib/gcc/avr/5.4.0/../../../../avr/lib/avr6/libm.a(mulsf3x.o)
                              /opt/microchip/avr8-gnu-toolchain-linux_x86_64/bin/../lib/gcc/avr/5.4.0/../../../../avr/lib/avr6/libm.a(log.o) (__mulsf3x)
/opt/microchip/avr8-gnu-toolchain-linux_x86_64/bin/../lib/gcc/avr/5.4.0/../../../../avr/lib/avr6/libm.a(addsf3.o)
                              /opt/microchip/avr8-gnu-toolchain-linux_x86_64/bin/../lib/gcc/avr/5.4.0/../../../../avr/lib/avr6/libm.a(log.o) (__addsf3)
/opt/microchip/avr8-gnu-toolchain-linux_x86_64/bin/../lib/gcc/avr/5.4.0/../../../../avr/lib/avr6/libm.a(addsf3x.o)
                              /opt/microchip/avr8-gnu-toolchain-linux_x86_64/bin/../lib/gcc/avr/5.4.0/../../../../avr/lib/avr6/libm.a(log.o) (__addsf3x)
/opt/microchip/avr8-gnu-toolchain-linux_x86_64/bin/../lib/gcc/avr/5.4.0/../../../../avr/lib/avr6/libm.a(fp_mpack.o)
                              /opt/microchip/avr8-gnu-toolchain-linux_x86_64/bin/../lib/gcc/avr/5.4.0/../../../../avr/lib/avr6/libm.a(log.o) (__fp_mpack)
/opt/microchip/avr8-gnu-toolchain-linux_x86_64/bin/../lib/gcc/avr/5.4.0/../../../../avr/lib/avr6/libm.a(fp_powser.o)
                              /opt/microchip/avr8-gnu-toolchain-linux_x86_64/bin/../lib/gcc/avr/5.4.0/../../../../avr/lib/avr6/libm.a(log.o) (__fp_powser)
/opt/microchip/avr8-gnu-toolchain-linux_x86_64/bin/../lib/gcc/avr/5.4.0/avr6/libgcc.a(_udivmodsi4.o)
                              build/default/production/main.o (__udivmodsi4)
/opt/microchip/avr8-gnu-toolchain-linux_x86_64/bin/../lib/gcc/avr/5.4.0/avr6/libgcc.a(_divmodsi4.o)
                              build/default/production/main.o (__divmodsi4)
/opt/microchip/avr8-gnu-toolchain-linux_x86_64/bin/../lib/gcc/avr/5.4.0/avr6/libgcc.a(_negsi2.o)
                              /opt/microchip/avr8-gnu-toolchain-linux_x86_64/bin/../lib/gcc/avr/5.4.0/avr6/libgcc.a(_divmodsi4.o) (__negsi2)
/opt/microchip/avr8-gnu-toolchain-linux_x86_64/bin/../lib/gcc/avr/5.4.0/avr6/libgcc.a(_exit.o)
                              /opt/microchip/mplabx/v5.20/packs/Microchip/ATmega_DFP/2.0.12/gcc/dev/atmega2560/avr6/crtatmega2560.o (exit)
/opt/microchip/avr8-gnu-toolchain-linux_x86_64/bin/../lib/gcc/avr/5.4.0/avr6/libgcc.a(_copy_data.o)
                              build/default/production/main.o (__do_copy_data)
/opt/microchip/avr8-gnu-toolchain-linux_x86_64/bin/../lib/gcc/avr/5.4.0/avr6/libgcc.a(_clear_bss.o)
                              build/default/production/main.o (__do_clear_bss)
/opt/microchip/avr8-gnu-toolchain-linux_x86_64/bin/../lib/gcc/avr/5.4.0/../../../../avr/lib/avr6/libc.a(ltoa_ncheck.o)
                              build/default/production/main.o (__ltoa_ncheck)
/opt/microchip/avr8-gnu-toolchain-linux_x86_64/bin/../lib/gcc/avr/5.4.0/../../../../avr/lib/avr6/libc.a(ultoa_ncheck.o)
                              /opt/microchip/avr8-gnu-toolchain-linux_x86_64/bin/../lib/gcc/avr/5.4.0/../../../../avr/lib/avr6/libc.a(ltoa_ncheck.o) (__ultoa_common)
/opt/microchip/avr8-gnu-toolchain-linux_x86_64/bin/../lib/gcc/avr/5.4.0/../../../../avr/lib/avr6/libc.a(strrev.o)
                              /opt/microchip/avr8-gnu-toolchain-linux_x86_64/bin/../lib/gcc/avr/5.4.0/../../../../avr/lib/avr6/libc.a(ultoa_ncheck.o) (strrev)

Discarded input sections

 .data          0x0000000000000000        0x0 /opt/microchip/mplabx/v5.20/packs/Microchip/ATmega_DFP/2.0.12/gcc/dev/atmega2560/avr6/crtatmega2560.o
 .bss           0x0000000000000000        0x0 /opt/microchip/mplabx/v5.20/packs/Microchip/ATmega_DFP/2.0.12/gcc/dev/atmega2560/avr6/crtatmega2560.o
 .text          0x0000000000000000        0x0 build/default/production/main.o
 .data          0x0000000000000000        0x0 build/default/production/main.o
 .bss           0x0000000000000000        0x0 build/default/production/main.o
 .text._Z13USART_Receivev
                0x0000000000000000       0x10 build/default/production/main.o
 .text          0x0000000000000000        0x0 /opt/microchip/avr8-gnu-toolchain-linux_x86_64/bin/../lib/gcc/avr/5.4.0/../../../../avr/lib/avr6/libm.a(divsf3.o)
 .data          0x0000000000000000        0x0 /opt/microchip/avr8-gnu-toolchain-linux_x86_64/bin/../lib/gcc/avr/5.4.0/../../../../avr/lib/avr6/libm.a(divsf3.o)
 .bss           0x0000000000000000        0x0 /opt/microchip/avr8-gnu-toolchain-linux_x86_64/bin/../lib/gcc/avr/5.4.0/../../../../avr/lib/avr6/libm.a(divsf3.o)
 .text          0x0000000000000000        0x0 /opt/microchip/avr8-gnu-toolchain-linux_x86_64/bin/../lib/gcc/avr/5.4.0/../../../../avr/lib/avr6/libm.a(divsf3x.o)
 .data          0x0000000000000000        0x0 /opt/microchip/avr8-gnu-toolchain-linux_x86_64/bin/../lib/gcc/avr/5.4.0/../../../../avr/lib/avr6/libm.a(divsf3x.o)
 .bss           0x0000000000000000        0x0 /opt/microchip/avr8-gnu-toolchain-linux_x86_64/bin/../lib/gcc/avr/5.4.0/../../../../avr/lib/avr6/libm.a(divsf3x.o)
 .text          0x0000000000000000        0x0 /opt/microchip/avr8-gnu-toolchain-linux_x86_64/bin/../lib/gcc/avr/5.4.0/../../../../avr/lib/avr6/libm.a(fixunssfsi.o)
 .data          0x0000000000000000        0x0 /opt/microchip/avr8-gnu-toolchain-linux_x86_64/bin/../lib/gcc/avr/5.4.0/../../../../avr/lib/avr6/libm.a(fixunssfsi.o)
 .bss           0x0000000000000000        0x0 /opt/microchip/avr8-gnu-toolchain-linux_x86_64/bin/../lib/gcc/avr/5.4.0/../../../../avr/lib/avr6/libm.a(fixunssfsi.o)
 .text          0x0000000000000000        0x0 /opt/microchip/avr8-gnu-toolchain-linux_x86_64/bin/../lib/gcc/avr/5.4.0/../../../../avr/lib/avr6/libm.a(floatsisf.o)
 .data          0x0000000000000000        0x0 /opt/microchip/avr8-gnu-toolchain-linux_x86_64/bin/../lib/gcc/avr/5.4.0/../../../../avr/lib/avr6/libm.a(floatsisf.o)
 .bss           0x0000000000000000        0x0 /opt/microchip/avr8-gnu-toolchain-linux_x86_64/bin/../lib/gcc/avr/5.4.0/../../../../avr/lib/avr6/libm.a(floatsisf.o)
 .text          0x0000000000000000        0x0 /opt/microchip/avr8-gnu-toolchain-linux_x86_64/bin/../lib/gcc/avr/5.4.0/../../../../avr/lib/avr6/libm.a(fp_inf.o)
 .data          0x0000000000000000        0x0 /opt/microchip/avr8-gnu-toolchain-linux_x86_64/bin/../lib/gcc/avr/5.4.0/../../../../avr/lib/avr6/libm.a(fp_inf.o)
 .bss           0x0000000000000000        0x0 /opt/microchip/avr8-gnu-toolchain-linux_x86_64/bin/../lib/gcc/avr/5.4.0/../../../../avr/lib/avr6/libm.a(fp_inf.o)
 .text          0x0000000000000000        0x0 /opt/microchip/avr8-gnu-toolchain-linux_x86_64/bin/../lib/gcc/avr/5.4.0/../../../../avr/lib/avr6/libm.a(fp_nan.o)
 .data          0x0000000000000000        0x0 /opt/microchip/avr8-gnu-toolchain-linux_x86_64/bin/../lib/gcc/avr/5.4.0/../../../../avr/lib/avr6/libm.a(fp_nan.o)
 .bss           0x0000000000000000        0x0 /opt/microchip/avr8-gnu-toolchain-linux_x86_64/bin/../lib/gcc/avr/5.4.0/../../../../avr/lib/avr6/libm.a(fp_nan.o)
 .text          0x0000000000000000        0x0 /opt/microchip/avr8-gnu-toolchain-linux_x86_64/bin/../lib/gcc/avr/5.4.0/../../../../avr/lib/avr6/libm.a(fp_pscA.o)
 .data          0x0000000000000000        0x0 /opt/microchip/avr8-gnu-toolchain-linux_x86_64/bin/../lib/gcc/avr/5.4.0/../../../../avr/lib/avr6/libm.a(fp_pscA.o)
 .bss           0x0000000000000000        0x0 /opt/microchip/avr8-gnu-toolchain-linux_x86_64/bin/../lib/gcc/avr/5.4.0/../../../../avr/lib/avr6/libm.a(fp_pscA.o)
 .text          0x0000000000000000        0x0 /opt/microchip/avr8-gnu-toolchain-linux_x86_64/bin/../lib/gcc/avr/5.4.0/../../../../avr/lib/avr6/libm.a(fp_pscB.o)
 .data          0x0000000000000000        0x0 /opt/microchip/avr8-gnu-toolchain-linux_x86_64/bin/../lib/gcc/avr/5.4.0/../../../../avr/lib/avr6/libm.a(fp_pscB.o)
 .bss           0x0000000000000000        0x0 /opt/microchip/avr8-gnu-toolchain-linux_x86_64/bin/../lib/gcc/avr/5.4.0/../../../../avr/lib/avr6/libm.a(fp_pscB.o)
 .text          0x0000000000000000        0x0 /opt/microchip/avr8-gnu-toolchain-linux_x86_64/bin/../lib/gcc/avr/5.4.0/../../../../avr/lib/avr6/libm.a(fp_round.o)
 .data          0x0000000000000000        0x0 /opt/microchip/avr8-gnu-toolchain-linux_x86_64/bin/../lib/gcc/avr/5.4.0/../../../../avr/lib/avr6/libm.a(fp_round.o)
 .bss           0x0000000000000000        0x0 /opt/microchip/avr8-gnu-toolchain-linux_x86_64/bin/../lib/gcc/avr/5.4.0/../../../../avr/lib/avr6/libm.a(fp_round.o)
 .text          0x0000000000000000        0x0 /opt/microchip/avr8-gnu-toolchain-linux_x86_64/bin/../lib/gcc/avr/5.4.0/../../../../avr/lib/avr6/libm.a(fp_split3.o)
 .data          0x0000000000000000        0x0 /opt/microchip/avr8-gnu-toolchain-linux_x86_64/bin/../lib/gcc/avr/5.4.0/../../../../avr/lib/avr6/libm.a(fp_split3.o)
 .bss           0x0000000000000000        0x0 /opt/microchip/avr8-gnu-toolchain-linux_x86_64/bin/../lib/gcc/avr/5.4.0/../../../../avr/lib/avr6/libm.a(fp_split3.o)
 .text          0x0000000000000000        0x0 /opt/microchip/avr8-gnu-toolchain-linux_x86_64/bin/../lib/gcc/avr/5.4.0/../../../../avr/lib/avr6/libm.a(fp_zero.o)
 .data          0x0000000000000000        0x0 /opt/microchip/avr8-gnu-toolchain-linux_x86_64/bin/../lib/gcc/avr/5.4.0/../../../../avr/lib/avr6/libm.a(fp_zero.o)
 .bss           0x0000000000000000        0x0 /opt/microchip/avr8-gnu-toolchain-linux_x86_64/bin/../lib/gcc/avr/5.4.0/../../../../avr/lib/avr6/libm.a(fp_zero.o)
 .text          0x0000000000000000        0x0 /opt/microchip/avr8-gnu-toolchain-linux_x86_64/bin/../lib/gcc/avr/5.4.0/../../../../avr/lib/avr6/libm.a(log.o)
 .data          0x0000000000000000        0x0 /opt/microchip/avr8-gnu-toolchain-linux_x86_64/bin/../lib/gcc/avr/5.4.0/../../../../avr/lib/avr6/libm.a(log.o)
 .bss           0x0000000000000000        0x0 /opt/microchip/avr8-gnu-toolchain-linux_x86_64/bin/../lib/gcc/avr/5.4.0/../../../../avr/lib/avr6/libm.a(log.o)
 .text          0x0000000000000000        0x0 /opt/microchip/avr8-gnu-toolchain-linux_x86_64/bin/../lib/gcc/avr/5.4.0/../../../../avr/lib/avr6/libm.a(mulsf3.o)
 .data          0x0000000000000000        0x0 /opt/microchip/avr8-gnu-toolchain-linux_x86_64/bin/../lib/gcc/avr/5.4.0/../../../../avr/lib/avr6/libm.a(mulsf3.o)
 .bss           0x0000000000000000        0x0 /opt/microchip/avr8-gnu-toolchain-linux_x86_64/bin/../lib/gcc/avr/5.4.0/../../../../avr/lib/avr6/libm.a(mulsf3.o)
 .text          0x0000000000000000        0x0 /opt/microchip/avr8-gnu-toolchain-linux_x86_64/bin/../lib/gcc/avr/5.4.0/../../../../avr/lib/avr6/libm.a(mulsf3x.o)
 .data          0x0000000000000000        0x0 /opt/microchip/avr8-gnu-toolchain-linux_x86_64/bin/../lib/gcc/avr/5.4.0/../../../../avr/lib/avr6/libm.a(mulsf3x.o)
 .bss           0x0000000000000000        0x0 /opt/microchip/avr8-gnu-toolchain-linux_x86_64/bin/../lib/gcc/avr/5.4.0/../../../../avr/lib/avr6/libm.a(mulsf3x.o)
 .text          0x0000000000000000        0x0 /opt/microchip/avr8-gnu-toolchain-linux_x86_64/bin/../lib/gcc/avr/5.4.0/../../../../avr/lib/avr6/libm.a(addsf3.o)
 .data          0x0000000000000000        0x0 /opt/microchip/avr8-gnu-toolchain-linux_x86_64/bin/../lib/gcc/avr/5.4.0/../../../../avr/lib/avr6/libm.a(addsf3.o)
 .bss           0x0000000000000000        0x0 /opt/microchip/avr8-gnu-toolchain-linux_x86_64/bin/../lib/gcc/avr/5.4.0/../../../../avr/lib/avr6/libm.a(addsf3.o)
 .text          0x0000000000000000        0x0 /opt/microchip/avr8-gnu-toolchain-linux_x86_64/bin/../lib/gcc/avr/5.4.0/../../../../avr/lib/avr6/libm.a(addsf3x.o)
 .data          0x0000000000000000        0x0 /opt/microchip/avr8-gnu-toolchain-linux_x86_64/bin/../lib/gcc/avr/5.4.0/../../../../avr/lib/avr6/libm.a(addsf3x.o)
 .bss           0x0000000000000000        0x0 /opt/microchip/avr8-gnu-toolchain-linux_x86_64/bin/../lib/gcc/avr/5.4.0/../../../../avr/lib/avr6/libm.a(addsf3x.o)
 .text          0x0000000000000000        0x0 /opt/microchip/avr8-gnu-toolchain-linux_x86_64/bin/../lib/gcc/avr/5.4.0/../../../../avr/lib/avr6/libm.a(fp_mpack.o)
 .data          0x0000000000000000        0x0 /opt/microchip/avr8-gnu-toolchain-linux_x86_64/bin/../lib/gcc/avr/5.4.0/../../../../avr/lib/avr6/libm.a(fp_mpack.o)
 .bss           0x0000000000000000        0x0 /opt/microchip/avr8-gnu-toolchain-linux_x86_64/bin/../lib/gcc/avr/5.4.0/../../../../avr/lib/avr6/libm.a(fp_mpack.o)
 .text          0x0000000000000000        0x0 /opt/microchip/avr8-gnu-toolchain-linux_x86_64/bin/../lib/gcc/avr/5.4.0/../../../../avr/lib/avr6/libm.a(fp_powser.o)
 .data          0x0000000000000000        0x0 /opt/microchip/avr8-gnu-toolchain-linux_x86_64/bin/../lib/gcc/avr/5.4.0/../../../../avr/lib/avr6/libm.a(fp_powser.o)
 .bss           0x0000000000000000        0x0 /opt/microchip/avr8-gnu-toolchain-linux_x86_64/bin/../lib/gcc/avr/5.4.0/../../../../avr/lib/avr6/libm.a(fp_powser.o)
 .text          0x0000000000000000        0x0 /opt/microchip/avr8-gnu-toolchain-linux_x86_64/bin/../lib/gcc/avr/5.4.0/avr6/libgcc.a(_udivmodsi4.o)
 .data          0x0000000000000000        0x0 /opt/microchip/avr8-gnu-toolchain-linux_x86_64/bin/../lib/gcc/avr/5.4.0/avr6/libgcc.a(_udivmodsi4.o)
 .bss           0x0000000000000000        0x0 /opt/microchip/avr8-gnu-toolchain-linux_x86_64/bin/../lib/gcc/avr/5.4.0/avr6/libgcc.a(_udivmodsi4.o)
 .text.libgcc.mul
                0x0000000000000000        0x0 /opt/microchip/avr8-gnu-toolchain-linux_x86_64/bin/../lib/gcc/avr/5.4.0/avr6/libgcc.a(_udivmodsi4.o)
 .text.libgcc   0x0000000000000000        0x0 /opt/microchip/avr8-gnu-toolchain-linux_x86_64/bin/../lib/gcc/avr/5.4.0/avr6/libgcc.a(_udivmodsi4.o)
 .text.libgcc.prologue
                0x0000000000000000        0x0 /opt/microchip/avr8-gnu-toolchain-linux_x86_64/bin/../lib/gcc/avr/5.4.0/avr6/libgcc.a(_udivmodsi4.o)
 .text.libgcc.builtins
                0x0000000000000000        0x0 /opt/microchip/avr8-gnu-toolchain-linux_x86_64/bin/../lib/gcc/avr/5.4.0/avr6/libgcc.a(_udivmodsi4.o)
 .text.libgcc.fmul
                0x0000000000000000        0x0 /opt/microchip/avr8-gnu-toolchain-linux_x86_64/bin/../lib/gcc/avr/5.4.0/avr6/libgcc.a(_udivmodsi4.o)
 .text.libgcc.fixed
                0x0000000000000000        0x0 /opt/microchip/avr8-gnu-toolchain-linux_x86_64/bin/../lib/gcc/avr/5.4.0/avr6/libgcc.a(_udivmodsi4.o)
 .text          0x0000000000000000        0x0 /opt/microchip/avr8-gnu-toolchain-linux_x86_64/bin/../lib/gcc/avr/5.4.0/avr6/libgcc.a(_divmodsi4.o)
 .data          0x0000000000000000        0x0 /opt/microchip/avr8-gnu-toolchain-linux_x86_64/bin/../lib/gcc/avr/5.4.0/avr6/libgcc.a(_divmodsi4.o)
 .bss           0x0000000000000000        0x0 /opt/microchip/avr8-gnu-toolchain-linux_x86_64/bin/../lib/gcc/avr/5.4.0/avr6/libgcc.a(_divmodsi4.o)
 .text.libgcc.mul
                0x0000000000000000        0x0 /opt/microchip/avr8-gnu-toolchain-linux_x86_64/bin/../lib/gcc/avr/5.4.0/avr6/libgcc.a(_divmodsi4.o)
 .text.libgcc   0x0000000000000000        0x0 /opt/microchip/avr8-gnu-toolchain-linux_x86_64/bin/../lib/gcc/avr/5.4.0/avr6/libgcc.a(_divmodsi4.o)
 .text.libgcc.prologue
                0x0000000000000000        0x0 /opt/microchip/avr8-gnu-toolchain-linux_x86_64/bin/../lib/gcc/avr/5.4.0/avr6/libgcc.a(_divmodsi4.o)
 .text.libgcc.builtins
                0x0000000000000000        0x0 /opt/microchip/avr8-gnu-toolchain-linux_x86_64/bin/../lib/gcc/avr/5.4.0/avr6/libgcc.a(_divmodsi4.o)
 .text.libgcc.fmul
                0x0000000000000000        0x0 /opt/microchip/avr8-gnu-toolchain-linux_x86_64/bin/../lib/gcc/avr/5.4.0/avr6/libgcc.a(_divmodsi4.o)
 .text.libgcc.fixed
                0x0000000000000000        0x0 /opt/microchip/avr8-gnu-toolchain-linux_x86_64/bin/../lib/gcc/avr/5.4.0/avr6/libgcc.a(_divmodsi4.o)
 .text          0x0000000000000000        0x0 /opt/microchip/avr8-gnu-toolchain-linux_x86_64/bin/../lib/gcc/avr/5.4.0/avr6/libgcc.a(_negsi2.o)
 .data          0x0000000000000000        0x0 /opt/microchip/avr8-gnu-toolchain-linux_x86_64/bin/../lib/gcc/avr/5.4.0/avr6/libgcc.a(_negsi2.o)
 .bss           0x0000000000000000        0x0 /opt/microchip/avr8-gnu-toolchain-linux_x86_64/bin/../lib/gcc/avr/5.4.0/avr6/libgcc.a(_negsi2.o)
 .text.libgcc.mul
                0x0000000000000000        0x0 /opt/microchip/avr8-gnu-toolchain-linux_x86_64/bin/../lib/gcc/avr/5.4.0/avr6/libgcc.a(_negsi2.o)
 .text.libgcc   0x0000000000000000        0x0 /opt/microchip/avr8-gnu-toolchain-linux_x86_64/bin/../lib/gcc/avr/5.4.0/avr6/libgcc.a(_negsi2.o)
 .text.libgcc.prologue
                0x0000000000000000        0x0 /opt/microchip/avr8-gnu-toolchain-linux_x86_64/bin/../lib/gcc/avr/5.4.0/avr6/libgcc.a(_negsi2.o)
 .text.libgcc.builtins
                0x0000000000000000        0x0 /opt/microchip/avr8-gnu-toolchain-linux_x86_64/bin/../lib/gcc/avr/5.4.0/avr6/libgcc.a(_negsi2.o)
 .text.libgcc.fmul
                0x0000000000000000        0x0 /opt/microchip/avr8-gnu-toolchain-linux_x86_64/bin/../lib/gcc/avr/5.4.0/avr6/libgcc.a(_negsi2.o)
 .text.libgcc.fixed
                0x0000000000000000        0x0 /opt/microchip/avr8-gnu-toolchain-linux_x86_64/bin/../lib/gcc/avr/5.4.0/avr6/libgcc.a(_negsi2.o)
 .text          0x0000000000000000        0x0 /opt/microchip/avr8-gnu-toolchain-linux_x86_64/bin/../lib/gcc/avr/5.4.0/avr6/libgcc.a(_exit.o)
 .data          0x0000000000000000        0x0 /opt/microchip/avr8-gnu-toolchain-linux_x86_64/bin/../lib/gcc/avr/5.4.0/avr6/libgcc.a(_exit.o)
 .bss           0x0000000000000000        0x0 /opt/microchip/avr8-gnu-toolchain-linux_x86_64/bin/../lib/gcc/avr/5.4.0/avr6/libgcc.a(_exit.o)
 .text.libgcc.mul
                0x0000000000000000        0x0 /opt/microchip/avr8-gnu-toolchain-linux_x86_64/bin/../lib/gcc/avr/5.4.0/avr6/libgcc.a(_exit.o)
 .text.libgcc.div
                0x0000000000000000        0x0 /opt/microchip/avr8-gnu-toolchain-linux_x86_64/bin/../lib/gcc/avr/5.4.0/avr6/libgcc.a(_exit.o)
 .text.libgcc   0x0000000000000000        0x0 /opt/microchip/avr8-gnu-toolchain-linux_x86_64/bin/../lib/gcc/avr/5.4.0/avr6/libgcc.a(_exit.o)
 .text.libgcc.prologue
                0x0000000000000000        0x0 /opt/microchip/avr8-gnu-toolchain-linux_x86_64/bin/../lib/gcc/avr/5.4.0/avr6/libgcc.a(_exit.o)
 .text.libgcc.builtins
                0x0000000000000000        0x0 /opt/microchip/avr8-gnu-toolchain-linux_x86_64/bin/../lib/gcc/avr/5.4.0/avr6/libgcc.a(_exit.o)
 .text.libgcc.fmul
                0x0000000000000000        0x0 /opt/microchip/avr8-gnu-toolchain-linux_x86_64/bin/../lib/gcc/avr/5.4.0/avr6/libgcc.a(_exit.o)
 .text.libgcc.fixed
                0x0000000000000000        0x0 /opt/microchip/avr8-gnu-toolchain-linux_x86_64/bin/../lib/gcc/avr/5.4.0/avr6/libgcc.a(_exit.o)
 .text          0x0000000000000000        0x0 /opt/microchip/avr8-gnu-toolchain-linux_x86_64/bin/../lib/gcc/avr/5.4.0/avr6/libgcc.a(_copy_data.o)
 .data          0x0000000000000000        0x0 /opt/microchip/avr8-gnu-toolchain-linux_x86_64/bin/../lib/gcc/avr/5.4.0/avr6/libgcc.a(_copy_data.o)
 .bss           0x0000000000000000        0x0 /opt/microchip/avr8-gnu-toolchain-linux_x86_64/bin/../lib/gcc/avr/5.4.0/avr6/libgcc.a(_copy_data.o)
 .text.libgcc.mul
                0x0000000000000000        0x0 /opt/microchip/avr8-gnu-toolchain-linux_x86_64/bin/../lib/gcc/avr/5.4.0/avr6/libgcc.a(_copy_data.o)
 .text.libgcc.div
                0x0000000000000000        0x0 /opt/microchip/avr8-gnu-toolchain-linux_x86_64/bin/../lib/gcc/avr/5.4.0/avr6/libgcc.a(_copy_data.o)
 .text.libgcc   0x0000000000000000        0x0 /opt/microchip/avr8-gnu-toolchain-linux_x86_64/bin/../lib/gcc/avr/5.4.0/avr6/libgcc.a(_copy_data.o)
 .text.libgcc.prologue
                0x0000000000000000        0x0 /opt/microchip/avr8-gnu-toolchain-linux_x86_64/bin/../lib/gcc/avr/5.4.0/avr6/libgcc.a(_copy_data.o)
 .text.libgcc.builtins
                0x0000000000000000        0x0 /opt/microchip/avr8-gnu-toolchain-linux_x86_64/bin/../lib/gcc/avr/5.4.0/avr6/libgcc.a(_copy_data.o)
 .text.libgcc.fmul
                0x0000000000000000        0x0 /opt/microchip/avr8-gnu-toolchain-linux_x86_64/bin/../lib/gcc/avr/5.4.0/avr6/libgcc.a(_copy_data.o)
 .text.libgcc.fixed
                0x0000000000000000        0x0 /opt/microchip/avr8-gnu-toolchain-linux_x86_64/bin/../lib/gcc/avr/5.4.0/avr6/libgcc.a(_copy_data.o)
 .text          0x0000000000000000        0x0 /opt/microchip/avr8-gnu-toolchain-linux_x86_64/bin/../lib/gcc/avr/5.4.0/avr6/libgcc.a(_clear_bss.o)
 .data          0x0000000000000000        0x0 /opt/microchip/avr8-gnu-toolchain-linux_x86_64/bin/../lib/gcc/avr/5.4.0/avr6/libgcc.a(_clear_bss.o)
 .bss           0x0000000000000000        0x0 /opt/microchip/avr8-gnu-toolchain-linux_x86_64/bin/../lib/gcc/avr/5.4.0/avr6/libgcc.a(_clear_bss.o)
 .text.libgcc.mul
                0x0000000000000000        0x0 /opt/microchip/avr8-gnu-toolchain-linux_x86_64/bin/../lib/gcc/avr/5.4.0/avr6/libgcc.a(_clear_bss.o)
 .text.libgcc.div
                0x0000000000000000        0x0 /opt/microchip/avr8-gnu-toolchain-linux_x86_64/bin/../lib/gcc/avr/5.4.0/avr6/libgcc.a(_clear_bss.o)
 .text.libgcc   0x0000000000000000        0x0 /opt/microchip/avr8-gnu-toolchain-linux_x86_64/bin/../lib/gcc/avr/5.4.0/avr6/libgcc.a(_clear_bss.o)
 .text.libgcc.prologue
                0x0000000000000000        0x0 /opt/microchip/avr8-gnu-toolchain-linux_x86_64/bin/../lib/gcc/avr/5.4.0/avr6/libgcc.a(_clear_bss.o)
 .text.libgcc.builtins
                0x0000000000000000        0x0 /opt/microchip/avr8-gnu-toolchain-linux_x86_64/bin/../lib/gcc/avr/5.4.0/avr6/libgcc.a(_clear_bss.o)
 .text.libgcc.fmul
                0x0000000000000000        0x0 /opt/microchip/avr8-gnu-toolchain-linux_x86_64/bin/../lib/gcc/avr/5.4.0/avr6/libgcc.a(_clear_bss.o)
 .text.libgcc.fixed
                0x0000000000000000        0x0 /opt/microchip/avr8-gnu-toolchain-linux_x86_64/bin/../lib/gcc/avr/5.4.0/avr6/libgcc.a(_clear_bss.o)
 .text          0x0000000000000000        0x0 /opt/microchip/avr8-gnu-toolchain-linux_x86_64/bin/../lib/gcc/avr/5.4.0/../../../../avr/lib/avr6/libc.a(ltoa_ncheck.o)
 .data          0x0000000000000000        0x0 /opt/microchip/avr8-gnu-toolchain-linux_x86_64/bin/../lib/gcc/avr/5.4.0/../../../../avr/lib/avr6/libc.a(ltoa_ncheck.o)
 .bss           0x0000000000000000        0x0 /opt/microchip/avr8-gnu-toolchain-linux_x86_64/bin/../lib/gcc/avr/5.4.0/../../../../avr/lib/avr6/libc.a(ltoa_ncheck.o)
 .text          0x0000000000000000        0x0 /opt/microchip/avr8-gnu-toolchain-linux_x86_64/bin/../lib/gcc/avr/5.4.0/../../../../avr/lib/avr6/libc.a(ultoa_ncheck.o)
 .data          0x0000000000000000        0x0 /opt/microchip/avr8-gnu-toolchain-linux_x86_64/bin/../lib/gcc/avr/5.4.0/../../../../avr/lib/avr6/libc.a(ultoa_ncheck.o)
 .bss           0x0000000000000000        0x0 /opt/microchip/avr8-gnu-toolchain-linux_x86_64/bin/../lib/gcc/avr/5.4.0/../../../../avr/lib/avr6/libc.a(ultoa_ncheck.o)
 .text          0x0000000000000000        0x0 /opt/microchip/avr8-gnu-toolchain-linux_x86_64/bin/../lib/gcc/avr/5.4.0/../../../../avr/lib/avr6/libc.a(strrev.o)
 .data          0x0000000000000000        0x0 /opt/microchip/avr8-gnu-toolchain-linux_x86_64/bin/../lib/gcc/avr/5.4.0/../../../../avr/lib/avr6/libc.a(strrev.o)
 .bss           0x0000000000000000        0x0 /opt/microchip/avr8-gnu-toolchain-linux_x86_64/bin/../lib/gcc/avr/5.4.0/../../../../avr/lib/avr6/libc.a(strrev.o)

Memory Configuration

Name             Origin             Length             Attributes
text             0x0000000000000000 0x0000000000040000 xr
data             0x0000000000800200 0x0000000000002000 rw !x
eeprom           0x0000000000810000 0x0000000000001000 rw !x
fuse             0x0000000000820000 0x0000000000000003 rw !x
lock             0x0000000000830000 0x0000000000000400 rw !x
signature        0x0000000000840000 0x0000000000000400 rw !x
user_signatures  0x0000000000850000 0x0000000000000400 rw !x
*default*        0x0000000000000000 0xffffffffffffffff

Linker script and memory map

Address of section .data set to 0x800200
LOAD /opt/microchip/mplabx/v5.20/packs/Microchip/ATmega_DFP/2.0.12/gcc/dev/atmega2560/avr6/crtatmega2560.o
LOAD build/default/production/main.o
                0x0000000000000001                __MPLAB_BUILD = 0x1
START GROUP
LOAD /opt/microchip/avr8-gnu-toolchain-linux_x86_64/bin/../lib/gcc/avr/5.4.0/../../../../avr/lib/avr6/libm.a
END GROUP
LOAD /opt/microchip/avr8-gnu-toolchain-linux_x86_64/bin/../lib/gcc/avr/5.4.0/avr6/libgcc.a
LOAD /opt/microchip/avr8-gnu-toolchain-linux_x86_64/bin/../lib/gcc/avr/5.4.0/../../../../avr/lib/avr6/libm.a
START GROUP
LOAD /opt/microchip/avr8-gnu-toolchain-linux_x86_64/bin/../lib/gcc/avr/5.4.0/avr6/libgcc.a
LOAD /opt/microchip/avr8-gnu-toolchain-linux_x86_64/bin/../lib/gcc/avr/5.4.0/../../../../avr/lib/avr6/libm.a
LOAD /opt/microchip/avr8-gnu-toolchain-linux_x86_64/bin/../lib/gcc/avr/5.4.0/../../../../avr/lib/avr6/libc.a
LOAD /opt/microchip/mplabx/v5.20/packs/Microchip/ATmega_DFP/2.0.12/gcc/dev/atmega2560/avr6/libatmega2560.a
END GROUP
                [0x0000000000040000]                __TEXT_REGION_LENGTH__ = DEFINED (__TEXT_REGION_LENGTH__)?__TEXT_REGION_LENGTH__:0x100000
                [0x0000000000002000]                __DATA_REGION_LENGTH__ = DEFINED (__DATA_REGION_LENGTH__)?__DATA_REGION_LENGTH__:0xfe00
                [0x0000000000001000]                __EEPROM_REGION_LENGTH__ = DEFINED (__EEPROM_REGION_LENGTH__)?__EEPROM_REGION_LENGTH__:0x10000
                [0x0000000000000003]                __FUSE_REGION_LENGTH__ = DEFINED (__FUSE_REGION_LENGTH__)?__FUSE_REGION_LENGTH__:0x400
                0x0000000000000400                __LOCK_REGION_LENGTH__ = DEFINED (__LOCK_REGION_LENGTH__)?__LOCK_REGION_LENGTH__:0x400
                0x0000000000000400                __SIGNATURE_REGION_LENGTH__ = DEFINED (__SIGNATURE_REGION_LENGTH__)?__SIGNATURE_REGION_LENGTH__:0x400
                0x0000000000000400                __USER_SIGNATURE_REGION_LENGTH__ = DEFINED (__USER_SIGNATURE_REGION_LENGTH__)?__USER_SIGNATURE_REGION_LENGTH__:0x400

.hash
 *(.hash)

.dynsym
 *(.dynsym)

.dynstr
 *(.dynstr)

.gnu.version
 *(.gnu.version)

.gnu.version_d
 *(.gnu.version_d)

.gnu.version_r
 *(.gnu.version_r)

.rel.init
 *(.rel.init)

.rela.init
 *(.rela.init)

.rel.text
 *(.rel.text)
 *(.rel.text.*)
 *(.rel.gnu.linkonce.t*)

.rela.text
 *(.rela.text)
 *(.rela.text.*)
 *(.rela.gnu.linkonce.t*)

.rel.fini
 *(.rel.fini)

.rela.fini
 *(.rela.fini)

.rel.rodata
 *(.rel.rodata)
 *(.rel.rodata.*)
 *(.rel.gnu.linkonce.r*)

.rela.rodata
 *(.rela.rodata)
 *(.rela.rodata.*)
 *(.rela.gnu.linkonce.r*)

.rel.data
 *(.rel.data)
 *(.rel.data.*)
 *(.rel.gnu.linkonce.d*)

.rela.data
 *(.rela.data)
 *(.rela.data.*)
 *(.rela.gnu.linkonce.d*)

.rel.ctors
 *(.rel.ctors)

.rela.ctors
 *(.rela.ctors)

.rel.dtors
 *(.rel.dtors)

.rela.dtors
 *(.rela.dtors)

.rel.got
 *(.rel.got)

.rela.got
 *(.rela.got)

.rel.bss
 *(.rel.bss)

.rela.bss
 *(.rela.bss)

.rel.plt
 *(.rel.plt)

.rela.plt
 *(.rela.plt)

.text           0x0000000000000000      0x99e
 *(.vectors)
 .vectors       0x0000000000000000       0xe4 /opt/microchip/mplabx/v5.20/packs/Microchip/ATmega_DFP/2.0.12/gcc/dev/atmega2560/avr6/crtatmega2560.o
                0x0000000000000000                __vectors
                0x0000000000000000                __vector_default
 *(.vectors)
 *(.progmem.gcc*)
 .progmem.gcc_fplib
                0x00000000000000e4       0x5a /opt/microchip/avr8-gnu-toolchain-linux_x86_64/bin/../lib/gcc/avr/5.4.0/../../../../avr/lib/avr6/libm.a(log.o)
                0x000000000000013e                . = ALIGN (0x2)
                0x000000000000013e                __trampolines_start = .
 *(.trampolines)
 .trampolines   0x000000000000013e        0x0 linker stubs
 *(.trampolines*)
                0x000000000000013e                __trampolines_end = .
 *libprintf_flt.a:*(.progmem.data)
 *libc.a:*(.progmem.data)
 *(.progmem*)
                0x000000000000013e                . = ALIGN (0x2)
 *(.jumptables)
 *(.jumptables*)
 *(.lowtext)
 *(.lowtext*)
                0x000000000000013e                __ctors_start = .
 *(.ctors)
                0x000000000000013e                __ctors_end = .
                0x000000000000013e                __dtors_start = .
 *(.dtors)
                0x000000000000013e                __dtors_end = .
 SORT(*)(.ctors)
 SORT(*)(.dtors)
 *(.init0)
 .init0         0x000000000000013e        0x0 /opt/microchip/mplabx/v5.20/packs/Microchip/ATmega_DFP/2.0.12/gcc/dev/atmega2560/avr6/crtatmega2560.o
                0x000000000000013e                __init
 *(.init0)
 *(.init1)
 *(.init1)
 *(.init2)
 .init2         0x000000000000013e       0x10 /opt/microchip/mplabx/v5.20/packs/Microchip/ATmega_DFP/2.0.12/gcc/dev/atmega2560/avr6/crtatmega2560.o
 *(.init2)
 *(.init3)
 *(.init3)
 *(.init4)
 .init4         0x000000000000014e       0x1a /opt/microchip/avr8-gnu-toolchain-linux_x86_64/bin/../lib/gcc/avr/5.4.0/avr6/libgcc.a(_copy_data.o)
                0x000000000000014e                __do_copy_data
 .init4         0x0000000000000168       0x10 /opt/microchip/avr8-gnu-toolchain-linux_x86_64/bin/../lib/gcc/avr/5.4.0/avr6/libgcc.a(_clear_bss.o)
                0x0000000000000168                __do_clear_bss
 *(.init4)
 *(.init5)
 *(.init5)
 *(.init6)
 *(.init6)
 *(.init7)
 *(.init7)
 *(.init8)
 *(.init8)
 *(.init9)
 .init9         0x0000000000000178        0x8 /opt/microchip/mplabx/v5.20/packs/Microchip/ATmega_DFP/2.0.12/gcc/dev/atmega2560/avr6/crtatmega2560.o
 *(.init9)
 *(.text)
 .text          0x0000000000000180        0x4 /opt/microchip/mplabx/v5.20/packs/Microchip/ATmega_DFP/2.0.12/gcc/dev/atmega2560/avr6/crtatmega2560.o
                0x0000000000000180                __vector_38
                0x0000000000000180                __vector_22
                0x0000000000000180                __vector_28
                0x0000000000000180                __vector_1
                0x0000000000000180                __vector_32
                0x0000000000000180                __vector_34
                0x0000000000000180                __vector_24
                0x0000000000000180                __vector_12
                0x0000000000000180                __vector_55
                0x0000000000000180                __vector_46
                0x0000000000000180                __bad_interrupt
                0x0000000000000180                __vector_6
                0x0000000000000180                __vector_31
                0x0000000000000180                __vector_35
                0x0000000000000180                __vector_39
                0x0000000000000180                __vector_3
                0x0000000000000180                __vector_23
                0x0000000000000180                __vector_30
                0x0000000000000180                __vector_45
                0x0000000000000180                __vector_25
                0x0000000000000180                __vector_11
                0x0000000000000180                __vector_54
                0x0000000000000180                __vector_13
                0x0000000000000180                __vector_17
                0x0000000000000180                __vector_19
                0x0000000000000180                __vector_56
                0x0000000000000180                __vector_7
                0x0000000000000180                __vector_49
                0x0000000000000180                __vector_41
                0x0000000000000180                __vector_43
                0x0000000000000180                __vector_27
                0x0000000000000180                __vector_5
                0x0000000000000180                __vector_33
                0x0000000000000180                __vector_47
                0x0000000000000180                __vector_52
                0x0000000000000180                __vector_37
                0x0000000000000180                __vector_4
                0x0000000000000180                __vector_44
                0x0000000000000180                __vector_51
                0x0000000000000180                __vector_9
                0x0000000000000180                __vector_2
                0x0000000000000180                __vector_21
                0x0000000000000180                __vector_15
                0x0000000000000180                __vector_36
                0x0000000000000180                __vector_29
                0x0000000000000180                __vector_40
                0x0000000000000180                __vector_8
                0x0000000000000180                __vector_26
                0x0000000000000180                __vector_48
                0x0000000000000180                __vector_14
                0x0000000000000180                __vector_53
                0x0000000000000180                __vector_10
                0x0000000000000180                __vector_50
                0x0000000000000180                __vector_16
                0x0000000000000180                __vector_18
                0x0000000000000180                __vector_20
                0x0000000000000180                __vector_42
                0x0000000000000184                . = ALIGN (0x2)
 *(.text.*)
 .text._Z11SERIAL_initv
                0x0000000000000184       0x1a build/default/production/main.o
                0x0000000000000184                _Z11SERIAL_initv
 .text._Z14USART_Transmith
                0x000000000000019e       0x10 build/default/production/main.o
                0x000000000000019e                _Z14USART_Transmith
 .text._Z8ADC_initv
                0x00000000000001ae        0xe build/default/production/main.o
                0x00000000000001ae                _Z8ADC_initv
 .text._Z8adc_readv
                0x00000000000001bc       0x1a build/default/production/main.o
                0x00000000000001bc                _Z8adc_readv
 .text._Z6led_onv
                0x00000000000001d6        0x4 build/default/production/main.o
                0x00000000000001d6                _Z6led_onv
 .text._Z7led_offv
                0x00000000000001da        0x4 build/default/production/main.o
                0x00000000000001da                _Z7led_offv
 .text._Z12calculo_tempv
                0x00000000000001de       0xb8 build/default/production/main.o
                0x00000000000001de                _Z12calculo_tempv
 .text._Z6printsPc
                0x0000000000000296       0x44 build/default/production/main.o
                0x0000000000000296                _Z6printsPc
 .text._Z11imprime_resv
                0x00000000000002da       0x72 build/default/production/main.o
                0x00000000000002da                _Z11imprime_resv
 .text.main     0x000000000000034c       0x2e build/default/production/main.o
                0x000000000000034c                main
 .text.avr-libc.fplib
                0x000000000000037a        0x8 /opt/microchip/avr8-gnu-toolchain-linux_x86_64/bin/../lib/gcc/avr/5.4.0/../../../../avr/lib/avr6/libm.a(divsf3.o)
                0x000000000000037a                __divsf3
 .text.avr-libc.fplib
                0x0000000000000382       0xdc /opt/microchip/avr8-gnu-toolchain-linux_x86_64/bin/../lib/gcc/avr/5.4.0/../../../../avr/lib/avr6/libm.a(divsf3x.o)
                0x00000000000003a2                __divsf3x
                0x00000000000003a8                __divsf3_pse
 .text.avr-libc.fplib
                0x000000000000045e       0x5e /opt/microchip/avr8-gnu-toolchain-linux_x86_64/bin/../lib/gcc/avr/5.4.0/../../../../avr/lib/avr6/libm.a(fixunssfsi.o)
                0x000000000000045e                __fixunssfsi
 .text.avr-libc.fplib
                0x00000000000004bc       0x7a /opt/microchip/avr8-gnu-toolchain-linux_x86_64/bin/../lib/gcc/avr/5.4.0/../../../../avr/lib/avr6/libm.a(floatsisf.o)
                0x00000000000004bc                __floatunsisf
                0x00000000000004c0                __floatsisf
 .text.avr-libc.fplib
                0x0000000000000536        0xc /opt/microchip/avr8-gnu-toolchain-linux_x86_64/bin/../lib/gcc/avr/5.4.0/../../../../avr/lib/avr6/libm.a(fp_inf.o)
                0x0000000000000536                __fp_inf
 .text.avr-libc.fplib
                0x0000000000000542        0x6 /opt/microchip/avr8-gnu-toolchain-linux_x86_64/bin/../lib/gcc/avr/5.4.0/../../../../avr/lib/avr6/libm.a(fp_nan.o)
                0x0000000000000542                __fp_nan
 .text.avr-libc.fplib
                0x0000000000000548        0xe /opt/microchip/avr8-gnu-toolchain-linux_x86_64/bin/../lib/gcc/avr/5.4.0/../../../../avr/lib/avr6/libm.a(fp_pscA.o)
                0x0000000000000548                __fp_pscA
 .text.avr-libc.fplib
                0x0000000000000556        0xe /opt/microchip/avr8-gnu-toolchain-linux_x86_64/bin/../lib/gcc/avr/5.4.0/../../../../avr/lib/avr6/libm.a(fp_pscB.o)
                0x0000000000000556                __fp_pscB
 .text.avr-libc.fplib
                0x0000000000000564       0x22 /opt/microchip/avr8-gnu-toolchain-linux_x86_64/bin/../lib/gcc/avr/5.4.0/../../../../avr/lib/avr6/libm.a(fp_round.o)
                0x0000000000000564                __fp_round
 .text.avr-libc.fplib
                0x0000000000000586       0x44 /opt/microchip/avr8-gnu-toolchain-linux_x86_64/bin/../lib/gcc/avr/5.4.0/../../../../avr/lib/avr6/libm.a(fp_split3.o)
                0x0000000000000586                __fp_split3
                0x0000000000000596                __fp_splitA
 .text.avr-libc.fplib
                0x00000000000005ca        0xe /opt/microchip/avr8-gnu-toolchain-linux_x86_64/bin/../lib/gcc/avr/5.4.0/../../../../avr/lib/avr6/libm.a(fp_zero.o)
                0x00000000000005ca                __fp_zero
                0x00000000000005cc                __fp_szero
 .text.avr-libc.fplib
                0x00000000000005d8       0xa0 /opt/microchip/avr8-gnu-toolchain-linux_x86_64/bin/../lib/gcc/avr/5.4.0/../../../../avr/lib/avr6/libm.a(log.o)
                0x00000000000005e8                log
 .text.avr-libc.fplib
                0x0000000000000678        0x8 /opt/microchip/avr8-gnu-toolchain-linux_x86_64/bin/../lib/gcc/avr/5.4.0/../../../../avr/lib/avr6/libm.a(mulsf3.o)
                0x0000000000000678                __mulsf3
 .text.avr-libc.fplib
                0x0000000000000680       0xd2 /opt/microchip/avr8-gnu-toolchain-linux_x86_64/bin/../lib/gcc/avr/5.4.0/../../../../avr/lib/avr6/libm.a(mulsf3x.o)
                0x000000000000069e                __mulsf3x
                0x00000000000006a4                __mulsf3_pse
 .text.avr-libc.fplib
                0x0000000000000752        0xe /opt/microchip/avr8-gnu-toolchain-linux_x86_64/bin/../lib/gcc/avr/5.4.0/../../../../avr/lib/avr6/libm.a(addsf3.o)
                0x0000000000000752                __subsf3
                0x0000000000000754                __addsf3
 .text.avr-libc.fplib
                0x0000000000000760       0xcc /opt/microchip/avr8-gnu-toolchain-linux_x86_64/bin/../lib/gcc/avr/5.4.0/../../../../avr/lib/avr6/libm.a(addsf3x.o)
                0x0000000000000782                __addsf3x
 .text.avr-libc.fplib
                0x000000000000082c       0x1c /opt/microchip/avr8-gnu-toolchain-linux_x86_64/bin/../lib/gcc/avr/5.4.0/../../../../avr/lib/avr6/libm.a(fp_mpack.o)
                0x000000000000082c                __fp_mpack
                0x0000000000000830                __fp_mpack_finite
 .text.avr-libc.fplib
                0x0000000000000848       0x4e /opt/microchip/avr8-gnu-toolchain-linux_x86_64/bin/../lib/gcc/avr/5.4.0/../../../../avr/lib/avr6/libm.a(fp_powser.o)
                0x0000000000000848                __fp_powser
 .text.libgcc.div
                0x0000000000000896       0x44 /opt/microchip/avr8-gnu-toolchain-linux_x86_64/bin/../lib/gcc/avr/5.4.0/avr6/libgcc.a(_udivmodsi4.o)
                0x0000000000000896                __udivmodsi4
 .text.libgcc.div
                0x00000000000008da       0x2e /opt/microchip/avr8-gnu-toolchain-linux_x86_64/bin/../lib/gcc/avr/5.4.0/avr6/libgcc.a(_divmodsi4.o)
                0x00000000000008da                __divmodsi4
 .text.libgcc.div
                0x0000000000000908       0x10 /opt/microchip/avr8-gnu-toolchain-linux_x86_64/bin/../lib/gcc/avr/5.4.0/avr6/libgcc.a(_negsi2.o)
                0x0000000000000908                __negsi2
 .text.avr-libc
                0x0000000000000918       0x1e /opt/microchip/avr8-gnu-toolchain-linux_x86_64/bin/../lib/gcc/avr/5.4.0/../../../../avr/lib/avr6/libc.a(ltoa_ncheck.o)
                0x0000000000000918                __ltoa_ncheck
 .text.avr-libc
                0x0000000000000936       0x44 /opt/microchip/avr8-gnu-toolchain-linux_x86_64/bin/../lib/gcc/avr/5.4.0/../../../../avr/lib/avr6/libc.a(ultoa_ncheck.o)
                0x0000000000000936                __ultoa_ncheck
                0x0000000000000938                __ultoa_common
 .text.avr-libc
                0x000000000000097a       0x20 /opt/microchip/avr8-gnu-toolchain-linux_x86_64/bin/../lib/gcc/avr/5.4.0/../../../../avr/lib/avr6/libc.a(strrev.o)
                0x000000000000097a                strrev
                0x000000000000099a                . = ALIGN (0x2)
 *(.fini9)
 .fini9         0x000000000000099a        0x0 /opt/microchip/avr8-gnu-toolchain-linux_x86_64/bin/../lib/gcc/avr/5.4.0/avr6/libgcc.a(_exit.o)
                0x000000000000099a                exit
                0x000000000000099a                _exit
 *(.fini9)
 *(.fini8)
 *(.fini8)
 *(.fini7)
 *(.fini7)
 *(.fini6)
 *(.fini6)
 *(.fini5)
 *(.fini5)
 *(.fini4)
 *(.fini4)
 *(.fini3)
 *(.fini3)
 *(.fini2)
 *(.fini2)
 *(.fini1)
 *(.fini1)
 *(.fini0)
 .fini0         0x000000000000099a        0x4 /opt/microchip/avr8-gnu-toolchain-linux_x86_64/bin/../lib/gcc/avr/5.4.0/avr6/libgcc.a(_exit.o)
 *(.fini0)
                0x000000000000099e                _etext = .

.data           0x0000000000800200       0x14 load address 0x000000000000099e
                0x0000000000800200                PROVIDE (__data_start, .)
 *(.data)
 *(.data*)
 *(.gnu.linkonce.d*)
 *(.rodata)
 .rodata        0x0000000000800200       0x14 build/default/production/main.o
 *(.rodata*)
 *(.gnu.linkonce.r*)
                0x0000000000800214                . = ALIGN (0x2)
                0x0000000000800214                _edata = .
                0x0000000000800214                PROVIDE (__data_end, .)

.bss            0x0000000000800214       0x10
                0x0000000000800214                PROVIDE (__bss_start, .)
 *(.bss)
 *(.bss*)
 .bss.sensorValue
                0x0000000000800214        0x4 build/default/production/main.o
                0x0000000000800214                sensorValue
 .bss.r         0x0000000000800218        0x4 build/default/production/main.o
                0x0000000000800218                r
 .bss.temp_kelvin
                0x000000000080021c        0x4 build/default/production/main.o
                0x000000000080021c                temp_kelvin
 .bss.temperatura
                0x0000000000800220        0x4 build/default/production/main.o
                0x0000000000800220                temperatura
 *(COMMON)
                0x0000000000800224                PROVIDE (__bss_end, .)
                0x000000000000099e                __data_load_start = LOADADDR (.data)
                0x00000000000009b2                __data_load_end = (__data_load_start + SIZEOF (.data))

.noinit         0x0000000000800224        0x0
                [!provide]                        PROVIDE (__noinit_start, .)
 *(.noinit*)
                [!provide]                        PROVIDE (__noinit_end, .)
                0x0000000000800224                _end = .
                [!provide]                        PROVIDE (__heap_start, .)

.eeprom         0x0000000000810000        0x0
 *(.eeprom*)
                0x0000000000810000                __eeprom_end = .

.fuse
 *(.fuse)
 *(.lfuse)
 *(.hfuse)
 *(.efuse)

.lock
 *(.lock*)

.signature
 *(.signature*)

.user_signatures
 *(.user_signatures*)

.stab
 *(.stab)

.stabstr
 *(.stabstr)

.stab.excl
 *(.stab.excl)

.stab.exclstr
 *(.stab.exclstr)

.stab.index
 *(.stab.index)

.stab.indexstr
 *(.stab.indexstr)

.comment        0x0000000000000000       0x30
 *(.comment)
 .comment       0x0000000000000000       0x30 build/default/production/main.o
                                         0x31 (size before relaxing)

.note.gnu.avr.deviceinfo
                0x0000000000000000       0x40
 .note.gnu.avr.deviceinfo
                0x0000000000000000       0x40 /opt/microchip/mplabx/v5.20/packs/Microchip/ATmega_DFP/2.0.12/gcc/dev/atmega2560/avr6/crtatmega2560.o

.note.gnu.build-id
 *(.note.gnu.build-id)

.debug
 *(.debug)

.line
 *(.line)

.debug_srcinfo
 *(.debug_srcinfo)

.debug_sfnames
 *(.debug_sfnames)

.debug_aranges
 *(.debug_aranges)

.debug_pubnames
 *(.debug_pubnames)

.debug_info     0x0000000000000000      0xbbc
 *(.debug_info .gnu.linkonce.wi.*)
 .debug_info    0x0000000000000000      0xbbc /opt/microchip/mplabx/v5.20/packs/Microchip/ATmega_DFP/2.0.12/gcc/dev/atmega2560/avr6/crtatmega2560.o

.debug_abbrev   0x0000000000000000      0xb1a
 *(.debug_abbrev)
 .debug_abbrev  0x0000000000000000      0xb1a /opt/microchip/mplabx/v5.20/packs/Microchip/ATmega_DFP/2.0.12/gcc/dev/atmega2560/avr6/crtatmega2560.o

.debug_line     0x0000000000000000      0x1f9
 *(.debug_line .debug_line.* .debug_line_end)
 .debug_line    0x0000000000000000      0x1f9 /opt/microchip/mplabx/v5.20/packs/Microchip/ATmega_DFP/2.0.12/gcc/dev/atmega2560/avr6/crtatmega2560.o

.debug_frame
 *(.debug_frame)

.debug_str      0x0000000000000000      0x3e6
 *(.debug_str)
 .debug_str     0x0000000000000000      0x3e6 /opt/microchip/mplabx/v5.20/packs/Microchip/ATmega_DFP/2.0.12/gcc/dev/atmega2560/avr6/crtatmega2560.o

.debug_loc
 *(.debug_loc)

.debug_macinfo
 *(.debug_macinfo)

.debug_weaknames
 *(.debug_weaknames)

.debug_funcnames
 *(.debug_funcnames)

.debug_typenames
 *(.debug_typenames)

.debug_varnames
 *(.debug_varnames)

.debug_pubtypes
 *(.debug_pubtypes)

.debug_ranges
 *(.debug_ranges)

.debug_macro
 *(.debug_macro)
OUTPUT(dist/default/production/sensorTemp.X.production.elf elf32-avr)
LOAD linker stubs
